// Jest Snapshot v1, https://goo.gl/fbAQLP

exports[`Exchange Display renders correctly 1`] = `
<div
  className="Containers"
/>
`;
